[debug] [2026-04-16T17:51:42.847Z] ----------------------------------------------------------------------
[debug] [2026-04-16T17:51:42.850Z] Command:       C:\nvm4w\nodejs\node.exe C:\nvm4w\nodejs\node_modules\firebase-tools\lib\bin\firebase.js deploy --only hosting
[debug] [2026-04-16T17:51:42.850Z] CLI Version:   15.11.0
[debug] [2026-04-16T17:51:42.850Z] Platform:      win32
[debug] [2026-04-16T17:51:42.851Z] Node Version:  v20.20.1
[debug] [2026-04-16T17:51:42.851Z] Time:          Thu Apr 16 2026 14:51:42 GMT-0300 (Horário Padrão de Brasília)
[debug] [2026-04-16T17:51:42.851Z] ----------------------------------------------------------------------
[debug] 
[debug] [2026-04-16T17:51:57.363Z] > command requires scopes: ["email","openid","https://www.googleapis.com/auth/cloudplatformprojects.readonly","https://www.googleapis.com/auth/firebase","https://www.googleapis.com/auth/cloud-platform"]
[debug] [2026-04-16T17:51:57.373Z] > authorizing via signed-in user (lekinhoj@gmail.com)
[debug] [2026-04-16T17:51:57.376Z] [iam] checking project web3edu-57c7f for permissions ["firebase.projects.get","firebasehosting.sites.update"]
[debug] [2026-04-16T17:51:57.399Z] Checked if tokens are valid: true, expires at: 1776364698824
[debug] [2026-04-16T17:51:57.403Z] Checked if tokens are valid: true, expires at: 1776364698824
[debug] [2026-04-16T17:51:57.434Z] >>> [apiv2][query] POST https://cloudresourcemanager.googleapis.com/v1/projects/web3edu-57c7f:testIamPermissions [none]
[debug] [2026-04-16T17:51:57.440Z] >>> [apiv2][(partial)header] POST https://cloudresourcemanager.googleapis.com/v1/projects/web3edu-57c7f:testIamPermissions  x-goog-user-project=web3edu-57c7f
[debug] [2026-04-16T17:51:57.447Z] >>> [apiv2][body] POST https://cloudresourcemanager.googleapis.com/v1/projects/web3edu-57c7f:testIamPermissions {"permissions":["firebase.projects.get","firebasehosting.sites.update"]}
[debug] [2026-04-16T17:52:00.641Z] <<< [apiv2][status] POST https://cloudresourcemanager.googleapis.com/v1/projects/web3edu-57c7f:testIamPermissions 200
[debug] [2026-04-16T17:52:00.645Z] <<< [apiv2][body] POST https://cloudresourcemanager.googleapis.com/v1/projects/web3edu-57c7f:testIamPermissions {"permissions":["firebase.projects.get","firebasehosting.sites.update"]}
[debug] [2026-04-16T17:52:00.671Z] Checked if tokens are valid: true, expires at: 1776364698824
[debug] [2026-04-16T17:52:00.675Z] Checked if tokens are valid: true, expires at: 1776364698824
[debug] [2026-04-16T17:52:00.680Z] >>> [apiv2][query] GET https://firebase.googleapis.com/v1beta1/projects/web3edu-57c7f [none]
[debug] [2026-04-16T17:52:01.283Z] <<< [apiv2][status] GET https://firebase.googleapis.com/v1beta1/projects/web3edu-57c7f 200
[debug] [2026-04-16T17:52:01.284Z] <<< [apiv2][body] GET https://firebase.googleapis.com/v1beta1/projects/web3edu-57c7f {"projectId":"web3edu-57c7f","projectNumber":"631758998354","displayName":"web3edu","name":"projects/web3edu-57c7f","resources":{"hostingSite":"web3edu-57c7f"},"state":"ACTIVE","etag":"1_8aa4c339-4dea-4570-8974-8c78f01b7da8"}
[debug] [2026-04-16T17:52:17.578Z] defaultcredentials: writing to file C:\Users\joube\AppData\Roaming\firebase\lekinhoj_gmail_com_application_default_credentials.json
[debug] [2026-04-16T17:52:17.587Z] Checked if tokens are valid: true, expires at: 1776364698824
[debug] [2026-04-16T17:52:17.587Z] Checked if tokens are valid: true, expires at: 1776364698824
[debug] [2026-04-16T17:52:17.588Z] >>> [apiv2][query] GET https://firebasehosting.googleapis.com/v1beta1/projects/web3edu-57c7f/sites pageToken=&pageSize=10
[debug] [2026-04-16T17:52:19.186Z] <<< [apiv2][status] GET https://firebasehosting.googleapis.com/v1beta1/projects/web3edu-57c7f/sites 200
[debug] [2026-04-16T17:52:19.186Z] <<< [apiv2][body] GET https://firebasehosting.googleapis.com/v1beta1/projects/web3edu-57c7f/sites {"sites":[{"name":"projects/web3edu-57c7f/sites/web3edu","defaultUrl":"https://web3edu.web.app","type":"USER_SITE"},{"name":"projects/web3edu-57c7f/sites/web3edu-57c7f","defaultUrl":"https://web3edu-57c7f.web.app","appId":"1:631758998354:web:17057826d55c426a8cc88b","type":"DEFAULT_SITE"}]}
[debug] [2026-04-16T17:52:19.187Z] Checked if tokens are valid: true, expires at: 1776364698824
[debug] [2026-04-16T17:52:19.187Z] Checked if tokens are valid: true, expires at: 1776364698824
[debug] [2026-04-16T17:52:19.187Z] >>> [apiv2][query] GET https://firebase.googleapis.com/v1beta1/projects/-/webApps/1:631758998354:web:17057826d55c426a8cc88b/config [none]
[debug] [2026-04-16T17:52:20.380Z] <<< [apiv2][status] GET https://firebase.googleapis.com/v1beta1/projects/-/webApps/1:631758998354:web:17057826d55c426a8cc88b/config 200
[debug] [2026-04-16T17:52:20.382Z] <<< [apiv2][body] GET https://firebase.googleapis.com/v1beta1/projects/-/webApps/1:631758998354:web:17057826d55c426a8cc88b/config {"projectId":"web3edu-57c7f","appId":"1:631758998354:web:17057826d55c426a8cc88b","storageBucket":"web3edu-57c7f.firebasestorage.app","apiKey":"AIzaSyAUR-UidJOgs-OUfwXYVVOjDerYl2v-uag","authDomain":"web3edu-57c7f.firebaseapp.com","messagingSenderId":"631758998354","measurementId":"G-LXP9B10NNX","projectNumber":"631758998354","version":"2"}
[info] 
   Thank you for trying our early preview of Next.js support on Firebase Hosting.
   During the preview, support is best-effort and breaking changes can be expected. Proceed with caution.

   Documentation: https://firebase.google.com/docs/hosting/frameworks/nextjs
   File a bug: https://github.com/firebase/firebase-tools/issues/new?template=bug_report.md
   Submit a feature request: https://github.com/firebase/firebase-tools/issues/new?template=feature_request.md

   We'd love to learn from you. Express your interest in helping us shape the future of Firebase Hosting: https://goo.gle/41enW5X

[debug] [2026-04-16T17:52:52.633Z] Checked if tokens are valid: true, expires at: 1776364698824
[debug] [2026-04-16T17:52:52.633Z] Checked if tokens are valid: true, expires at: 1776364698824
[debug] [2026-04-16T17:52:52.633Z] >>> [apiv2][query] GET https://firebasehosting.googleapis.com/v1beta1/projects/web3edu-57c7f/sites/web3edu-57c7f [none]
[debug] [2026-04-16T17:52:53.911Z] <<< [apiv2][status] GET https://firebasehosting.googleapis.com/v1beta1/projects/web3edu-57c7f/sites/web3edu-57c7f 200
[debug] [2026-04-16T17:52:53.912Z] <<< [apiv2][body] GET https://firebasehosting.googleapis.com/v1beta1/projects/web3edu-57c7f/sites/web3edu-57c7f {"name":"projects/web3edu-57c7f/sites/web3edu-57c7f","defaultUrl":"https://web3edu-57c7f.web.app","appId":"1:631758998354:web:17057826d55c426a8cc88b","type":"DEFAULT_SITE"}
[info]   ▲ Next.js 14.2.26

[info]   - Environments: .env
  - Experiments (use with caution):
    · turbo


[info]    Creating an optimized production build ...

